DEBUG:root:Checking for apparatus
DEBUG:root:User pressed spacebar
DEBUG:root:
Creating stimuli...
DEBUG:root:Drawing stimuli...
DEBUG:root:Waiting for clicks...
DEBUG:root:Apparatus not present
DEBUG:root:Drawing stimuli...
DEBUG:root:Waiting for exit key to be pressed
DEBUG:root:Drawing stimuli...
DEBUG:root:Waiting for clicks...
DEBUG:root:Apparatus not present
DEBUG:root:Drawing stimuli...
DEBUG:root:Waiting for exit key to be pressed
DEBUG:root:User pressed escape
DEBUG:root:Checking for apparatus
DEBUG:root:User pressed spacebar
DEBUG:root:
Creating stimuli...
DEBUG:root:Drawing stimuli...
DEBUG:root:Waiting for clicks...
DEBUG:root:Apparatus not present
DEBUG:root:Drawing stimuli...
DEBUG:root:Waiting for exit key to be pressed
DEBUG:root:Drawing stimuli...
DEBUG:root:Waiting for clicks...
DEBUG:root:Apparatus not present
DEBUG:root:Drawing stimuli...
DEBUG:root:Waiting for exit key to be pressed
DEBUG:root:User pressed escape
DEBUG:root:Checking for apparatus
DEBUG:root:User pressed spacebar
DEBUG:root:
Creating stimuli...
DEBUG:root:Drawing stimuli...
DEBUG:root:Waiting for clicks...
DEBUG:root:Apparatus not present
DEBUG:root:Drawing stimuli...
DEBUG:root:Waiting for exit key to be pressed
DEBUG:root:User pressed escape
DEBUG:root:Checking for apparatus
DEBUG:root:User pressed spacebar
DEBUG:root:
Creating stimuli...
DEBUG:root:Drawing stimuli...
DEBUG:root:Waiting for clicks...
DEBUG:root:Apparatus not present
DEBUG:root:Drawing stimuli...
DEBUG:root:Waiting for exit key to be pressed
DEBUG:root:User pressed escape
DEBUG:root:Experiment error
DEBUG:root:<type 'exceptions.SystemExit'>
DEBUG:root:Checking for apparatus
DEBUG:root:User pressed spacebar
DEBUG:root:
Creating stimuli...
DEBUG:root:Drawing stimuli...
DEBUG:root:Waiting for clicks...
DEBUG:root:Apparatus not present
DEBUG:root:Drawing stimuli...
DEBUG:root:Waiting for exit key to be pressed
DEBUG:root:Drawing stimuli...
DEBUG:root:Waiting for clicks...
DEBUG:root:Apparatus not present
DEBUG:root:Drawing stimuli...
DEBUG:root:Waiting for exit key to be pressed
DEBUG:root:User pressed escape
DEBUG:root:Experiment error
DEBUG:root:<type 'exceptions.SystemExit'>
DEBUG:root:Checking for apparatus
DEBUG:root:User pressed spacebar
DEBUG:root:
Creating stimuli...
DEBUG:root:Drawing stimuli...
DEBUG:root:Waiting for clicks...
DEBUG:root:Apparatus not present
DEBUG:root:Drawing stimuli...
DEBUG:root:Waiting for exit key to be pressed
DEBUG:root:User pressed escape
DEBUG:root:Experiment error
DEBUG:root:<type 'exceptions.SystemExit'>
DEBUG:root:Checking for apparatus
DEBUG:root:User pressed spacebar
DEBUG:root:
Creating stimuli...
DEBUG:root:Drawing stimuli...
DEBUG:root:Waiting for clicks...
DEBUG:root:Apparatus not present
DEBUG:root:Drawing stimuli...
DEBUG:root:Waiting for exit key to be pressed
DEBUG:root:Drawing stimuli...
DEBUG:root:Waiting for clicks...
DEBUG:root:Apparatus not present
DEBUG:root:Drawing stimuli...
DEBUG:root:Waiting for exit key to be pressed
DEBUG:root:Drawing stimuli...
DEBUG:root:Waiting for clicks...
DEBUG:root:Apparatus not present
DEBUG:root:Drawing stimuli...
DEBUG:root:Waiting for exit key to be pressed
DEBUG:root:User pressed escape
DEBUG:root:Experiment error
DEBUG:root:<type 'exceptions.SystemExit'>
DEBUG:root:Checking for apparatus
DEBUG:root:User pressed spacebar
DEBUG:root:
Creating stimuli...
DEBUG:root:Drawing stimuli...
DEBUG:root:Waiting for clicks...
DEBUG:root:Apparatus not present
DEBUG:root:Drawing stimuli...
DEBUG:root:Waiting for exit key to be pressed
DEBUG:root:User pressed escape
DEBUG:root:Experiment error
DEBUG:root:<type 'exceptions.SystemExit'>
DEBUG:root:Checking for apparatus
DEBUG:root:User pressed spacebar
DEBUG:root:
Creating stimuli...
DEBUG:root:Drawing stimuli...
DEBUG:root:Waiting for clicks...
DEBUG:root:Apparatus not present
DEBUG:root:Drawing stimuli...
DEBUG:root:Waiting for exit key to be pressed
DEBUG:root:User pressed escape
DEBUG:root:Experiment error
DEBUG:root:<type 'exceptions.SystemExit'>
DEBUG:root:Checking for apparatus
DEBUG:root:Apparatus value 1
DEBUG:root:User pressed spacebar
DEBUG:root:
Creating stimuli...
DEBUG:root:Drawing stimuli...
DEBUG:root:stimdur: 60
DEBUG:root:Waiting for clicks...
DEBUG:root:Apparatus not present
DEBUG:root:Reward given with probability of: 1
DEBUG:root:Drawing stimuli...
DEBUG:root:Waiting for exit key to be pressed
DEBUG:root:User pressed escape
DEBUG:root:Experiment error
DEBUG:root:<type 'exceptions.SystemExit'>
DEBUG:root:Checking for apparatus
DEBUG:root:Apparatus value 1
DEBUG:root:
Setting up...
DEBUG:root:C:\Users\target\Documents\GitHub\SubOptimalChoiceWithCommitment\SubOptimal_Data_Logs
DEBUG:root:User pressed spacebar
DEBUG:root:
Creating stimuli...
DEBUG:root:Drawing stimuli...
DEBUG:root:stimdur: 60
DEBUG:root:Waiting for clicks...
DEBUG:root:[435 -90]
DEBUG:root:Apparatus not present
DEBUG:root:Reward given with probability of: 1
DEBUG:root:Drawing stimuli...
DEBUG:root:Waiting for exit key to be pressed
DEBUG:root:User pressed escape
DEBUG:root:Experiment error
DEBUG:root:<type 'exceptions.SystemExit'>
ERROR:root:Checking for apparatus
ERROR:root:Apparatus value 1
ERROR:root:
Setting up...
ERROR:root:C:\Users\target\Documents\GitHub\SubOptimalChoiceWithCommitment\SubOptimal_Data_Logs
ERROR:root:User pressed spacebar
ERROR:root:
Creating stimuli...
ERROR:root:Drawing stimuli...
ERROR:root:stimdur: 60
ERROR:root:Waiting for clicks...
ERROR:root:[441 -90]
ERROR:root:Apparatus not present
ERROR:root:Reward given with probability of: 1
ERROR:root:Drawing stimuli...
ERROR:root:Waiting for exit key to be pressed
ERROR:root:User pressed escape
ERROR:root:Experiment error
ERROR:root:<type 'exceptions.SystemExit'>
ERROR:root:Checking for apparatus
ERROR:root:Apparatus value 1
ERROR:root:
Setting up...
ERROR:root:C:\Users\target\Documents\GitHub\SubOptimalChoiceWithCommitment\SubOptimal_Data_Logs
ERROR:root:User pressed spacebar
ERROR:root:
Creating stimuli...
ERROR:root:Drawing stimuli...
ERROR:root:stimdur: 60
ERROR:root:Waiting for clicks...
ERROR:root:[-443  105]
ERROR:root:Apparatus not present
ERROR:root:Reward given with probability of: 1
ERROR:root:Drawing stimuli...
ERROR:root:Waiting for exit key to be pressed
ERROR:root:Drawing stimuli...
ERROR:root:stimdur: 60
ERROR:root:Waiting for clicks...
ERROR:root:[455 -82]
ERROR:root:Apparatus not present
ERROR:root:Reward given with probability of: 1
ERROR:root:Drawing stimuli...
ERROR:root:Waiting for exit key to be pressed
ERROR:root:User pressed escape
ERROR:root:Experiment error
ERROR:root:<type 'exceptions.SystemExit'>
Traceback (most recent call last):
  File "C:\Users\target\Documents\GitHub\SubOptimalChoiceWithCommitment\SubOptimalChoiceWithCommitment.py", line 1441, in main
    doTraining(5, 1, True)
  File "C:\Users\target\Documents\GitHub\SubOptimalChoiceWithCommitment\SubOptimalChoiceWithCommitment.py", line 1293, in doTraining
    waitForExitPress(ITI)
  File "C:\Users\target\Documents\GitHub\SubOptimalChoiceWithCommitment\SubOptimalChoiceWithCommitment.py", line 679, in waitForExitPress
    exit()
  File "C:\Program Files (x86)\PsychoPy2\lib\site.py", line 372, in __call__
    raise SystemExit(code)
SystemExit: None
DEBUG:root:Checking for apparatus
DEBUG:root:Apparatus value 1
DEBUG:root:
Setting up...
DEBUG:root:C:\Users\target\Documents\GitHub\SubOptimalChoiceWithCommitment\SubOptimal_Data_Logs
DEBUG:root:User pressed spacebar
DEBUG:root:
Creating stimuli...
DEBUG:root:Drawing stimuli...
DEBUG:root:stimdur: 60
DEBUG:root:Waiting for clicks...
DEBUG:root:[-496  -73]
DEBUG:root:Apparatus not present
DEBUG:root:Reward given with probability of: 1
DEBUG:root:Drawing stimuli...
DEBUG:root:Waiting for exit key to be pressed
DEBUG:root:User pressed escape
DEBUG:root:Experiment error
ERROR:root:<type 'exceptions.SystemExit'>
Traceback (most recent call last):
  File "C:\Users\target\Documents\GitHub\SubOptimalChoiceWithCommitment\SubOptimalChoiceWithCommitment.py", line 1441, in main
    doTraining(5, 1, True)
  File "C:\Users\target\Documents\GitHub\SubOptimalChoiceWithCommitment\SubOptimalChoiceWithCommitment.py", line 1293, in doTraining
    waitForExitPress(ITI)
  File "C:\Users\target\Documents\GitHub\SubOptimalChoiceWithCommitment\SubOptimalChoiceWithCommitment.py", line 679, in waitForExitPress
    exit()
  File "C:\Program Files (x86)\PsychoPy2\lib\site.py", line 372, in __call__
    raise SystemExit(code)
SystemExit: None
DEBUG:root:Checking for apparatus
DEBUG:root:Apparatus value 1
DEBUG:root:
Setting up...
DEBUG:root:C:\Users\target\Documents\GitHub\SubOptimalChoiceWithCommitment\SubOptimal_Data_Logs
DEBUG:root:User pressed spacebar
DEBUG:root:
Creating stimuli...
DEBUG:root:Drawing stimuli...
DEBUG:root:stimdur: 60
DEBUG:root:Waiting for clicks...
DEBUG:root:[ 452 -108]
DEBUG:root:Apparatus not present
DEBUG:root:Reward given with probability of: 1
DEBUG:root:Drawing stimuli...
DEBUG:root:Waiting for exit key to be pressed
DEBUG:root:Drawing stimuli...
DEBUG:root:stimdur: 60
DEBUG:root:Waiting for clicks...
DEBUG:root:[-10  88]
DEBUG:root:Apparatus not present
DEBUG:root:Reward given with probability of: 1
DEBUG:root:Drawing stimuli...
DEBUG:root:Waiting for exit key to be pressed
DEBUG:root:User pressed escape
DEBUG:root:Experiment error
DEBUG:root:Checking for apparatus
DEBUG:root:Apparatus value 1
DEBUG:root:
Setting up...
DEBUG:root:C:\Users\target\Documents\GitHub\SubOptimalChoiceWithCommitment\SubOptimal_Data_Logs
DEBUG:root:User pressed spacebar
DEBUG:root:
Creating stimuli...
DEBUG:root:Drawing stimuli...
DEBUG:root:stimdur: 60
DEBUG:root:Waiting for clicks...
DEBUG:root:[-420   93]
DEBUG:root:Apparatus not present
DEBUG:root:Reward given with probability of: 1
DEBUG:root:Drawing stimuli...
DEBUG:root:Waiting for exit key to be pressed
DEBUG:root:User pressed escape
DEBUG:root:


NEW RUN:


DEBUG:root:Checking for apparatus
DEBUG:root:Apparatus value 1
DEBUG:root:
Setting up...
DEBUG:root:C:\Users\target\Documents\GitHub\SubOptimalChoiceWithCommitment\SubOptimal_Data_Logs
DEBUG:root:User pressed spacebar
DEBUG:root:
Creating stimuli...
DEBUG:root:Drawing stimuli...
DEBUG:root:stimdur: 60
DEBUG:root:Waiting for clicks...
DEBUG:root:[-474 -110]
DEBUG:root:Apparatus not present
DEBUG:root:Reward given with probability of: 1
DEBUG:root:Drawing stimuli...
DEBUG:root:Waiting for exit key to be pressed
DEBUG:root:User pressed escape
